// Vitest Snapshot v1, https://vitest.dev/guide/snapshot.html

exports[`Sidebar > should match snapshot 1`] = `
<DocumentFragment>
  <div
    class="MuiGrid2-root MuiGrid2-direction-xs-row MuiGrid2-grid-xs-4 css-1qjd5z-MuiGrid2-root"
    data-testid="sidebar"
  >
    <div
      class="MuiPaper-root MuiPaper-elevation MuiPaper-rounded MuiPaper-elevation1 MuiCard-root css-zo3717-MuiPaper-root-MuiCard-root"
      style="--Paper-shadow: 0px 2px 1px -1px rgba(0,0,0,0.2),0px 1px 1px 0px rgba(0,0,0,0.14),0px 1px 3px 0px rgba(0,0,0,0.12);"
    >
      <div
        class="MuiBox-root css-yd8sa2"
      >
        <div
          class="MuiFormControl-root MuiFormControl-fullWidth MuiTextField-root css-cmpglg-MuiFormControl-root-MuiTextField-root"
        >
          <div
            class="MuiInputBase-root MuiOutlinedInput-root MuiInputBase-colorPrimary MuiInputBase-fullWidth MuiInputBase-formControl MuiInputBase-sizeSmall MuiInputBase-adornedStart css-3ot9ek-MuiInputBase-root-MuiOutlinedInput-root"
          >
            <svg
              aria-hidden="true"
              class="MuiSvgIcon-root MuiSvgIcon-colorPrimary MuiSvgIcon-fontSizeMedium css-1gtl5f-MuiSvgIcon-root"
              data-testid="SearchRoundedIcon"
              focusable="false"
              viewBox="0 0 24 24"
            >
              <path
                d="M15.5 14h-.79l-.28-.27c1.2-1.4 1.82-3.31 1.48-5.34-.47-2.78-2.79-5-5.59-5.34-4.23-.52-7.79 3.04-7.27 7.27.34 2.8 2.56 5.12 5.34 5.59 2.03.34 3.94-.28 5.34-1.48l.27.28v.79l4.25 4.25c.41.41 1.08.41 1.49 0s.41-1.08 0-1.49zm-6 0C7.01 14 5 11.99 5 9.5S7.01 5 9.5 5 14 7.01 14 9.5 11.99 14 9.5 14"
              />
            </svg>
            <input
              aria-invalid="false"
              class="MuiInputBase-input MuiOutlinedInput-input MuiInputBase-inputSizeSmall MuiInputBase-inputAdornedStart css-1q55ijt-MuiInputBase-input-MuiOutlinedInput-input"
              id=":r1:"
              placeholder="Search users"
              type="text"
              value=""
            />
            <fieldset
              aria-hidden="true"
              class="MuiOutlinedInput-notchedOutline css-1ll44ll-MuiOutlinedInput-notchedOutline"
            >
              <legend
                class="css-w4cd9x"
              >
                <span
                  class="notranslate"
                >
                  â€‹
                </span>
              </legend>
            </fieldset>
          </div>
        </div>
        <div
          class="MuiButtonGroup-root MuiButtonGroup-outlined MuiButtonGroup-horizontal MuiButtonGroup-fullWidth MuiButtonGroup-colorPrimary css-j0iy8w-MuiButtonGroup-root"
          role="group"
        >
          <button
            class="MuiButtonBase-root MuiButton-root MuiButton-contained MuiButton-containedPrimary MuiButton-sizeMedium MuiButton-containedSizeMedium MuiButton-colorPrimary MuiButton-fullWidth MuiButtonGroup-grouped MuiButtonGroup-groupedHorizontal MuiButtonGroup-groupedOutlined MuiButtonGroup-groupedOutlinedHorizontal MuiButtonGroup-groupedOutlinedPrimary MuiButton-root MuiButton-contained MuiButton-containedPrimary MuiButton-sizeMedium MuiButton-containedSizeMedium MuiButton-colorPrimary MuiButton-fullWidth MuiButtonGroup-grouped MuiButtonGroup-groupedHorizontal MuiButtonGroup-groupedOutlined MuiButtonGroup-groupedOutlinedHorizontal MuiButtonGroup-groupedOutlinedPrimary MuiButtonGroup-firstButton css-i3fu1t-MuiButtonBase-root-MuiButton-root"
            tabindex="0"
            type="button"
          >
            <span
              class="MuiBadge-root css-63ezxx-MuiBadge-root"
            >
              All
              <span
                class="MuiBadge-badge MuiBadge-standard MuiBadge-invisible MuiBadge-anchorOriginTopRight MuiBadge-anchorOriginTopRightRectangular MuiBadge-overlapRectangular css-z28gz6-MuiBadge-badge"
              />
            </span>
          </button>
          <button
            class="MuiButtonBase-root MuiButton-root MuiButton-outlined MuiButton-outlinedPrimary MuiButton-sizeMedium MuiButton-outlinedSizeMedium MuiButton-colorPrimary MuiButton-fullWidth MuiButtonGroup-grouped MuiButtonGroup-groupedHorizontal MuiButtonGroup-groupedOutlined MuiButtonGroup-groupedOutlinedHorizontal MuiButtonGroup-groupedOutlinedPrimary MuiButton-root MuiButton-outlined MuiButton-outlinedPrimary MuiButton-sizeMedium MuiButton-outlinedSizeMedium MuiButton-colorPrimary MuiButton-fullWidth MuiButtonGroup-grouped MuiButtonGroup-groupedHorizontal MuiButtonGroup-groupedOutlined MuiButtonGroup-groupedOutlinedHorizontal MuiButtonGroup-groupedOutlinedPrimary MuiButtonGroup-middleButton css-1sfm6cb-MuiButtonBase-root-MuiButton-root"
            tabindex="0"
            type="button"
          >
            Online
          </button>
          <button
            class="MuiButtonBase-root MuiButton-root MuiButton-outlined MuiButton-outlinedPrimary MuiButton-sizeMedium MuiButton-outlinedSizeMedium MuiButton-colorPrimary MuiButton-fullWidth MuiButtonGroup-grouped MuiButtonGroup-groupedHorizontal MuiButtonGroup-groupedOutlined MuiButtonGroup-groupedOutlinedHorizontal MuiButtonGroup-groupedOutlinedPrimary MuiButton-root MuiButton-outlined MuiButton-outlinedPrimary MuiButton-sizeMedium MuiButton-outlinedSizeMedium MuiButton-colorPrimary MuiButton-fullWidth MuiButtonGroup-grouped MuiButtonGroup-groupedHorizontal MuiButtonGroup-groupedOutlined MuiButtonGroup-groupedOutlinedHorizontal MuiButtonGroup-groupedOutlinedPrimary MuiButtonGroup-lastButton css-1sfm6cb-MuiButtonBase-root-MuiButton-root"
            tabindex="0"
            type="button"
          >
            Offline
          </button>
        </div>
      </div>
      <ul
        class="MuiList-root MuiList-padding css-3zbplw-MuiList-root"
        data-testid="channel-list"
      />
    </div>
  </div>
</DocumentFragment>
`;
